12-07 17:17:31.531: W/ContextImpl(31687): Calling a method in the system process without a qualified user: android.app.ContextImpl.sendBroadcast:830 android.content.ContextWrapper.sendBroadcast:410 android.inputmethodservice.InputMethodService.sendInputViewShownState:443 android.inputmethodservice.InputMethodService.showWindow:2092 android.inputmethodservice.InputMethodService$InputMethodImpl.showSoftInput:651 
12-07 17:17:31.531: D/InputMethodManagerService(791): [HARDWARE_KEYBOARD] (refreshImeWindowVis) mImeWindowVis= 3 inputVisible = truehaveHardKeyboard = false hardKeyShown = false
12-07 17:17:31.531: D/ApplicationPolicy(791): isStatusBarNotificationAllowedAsUser: packageName = android,userId = -1
12-07 17:17:31.541: D/MARsPolicyManager(791): NotificationListenerService OngoingNotificationPosted : android
12-07 17:17:31.551: I/SurfaceFlinger(315): id=859 createSurf (1080x1137),1 flag=4, JnputMethod
12-07 17:17:31.551: D/libEGL(315): eglInitialize EGLDisplay = 0xbed7b364
12-07 17:17:31.571: D/SamsungIME(31687): IME_NULL
12-07 17:17:31.571: I/SamsungIME(31687): Update SetupWizard State usc : 1 pss : false
12-07 17:17:31.571: D/SamsungIME(31687): IME_NULL
12-07 17:17:31.571: I/SamsungIME(31687): Update SetupWizard State usc : 1 pss : false
12-07 17:17:31.571: D/SamsungIME(31687): [AbstractKeyboardView] onDetachedFromWindow.
12-07 17:17:31.571: D/SamsungIME(31687): Magnification Enabled = false
12-07 17:17:31.571: D/SamsungIME(31687): Dismiss ExpandCandiate
12-07 17:17:31.571: W/ContextImpl(31687): Calling a method in the system process without a qualified user: android.app.ContextImpl.sendBroadcast:830 android.content.ContextWrapper.sendBroadcast:410 com.diotek.ime.framework.common.InputManagerImpl.sendInputLanguageByThread:9420 com.diotek.ime.framework.common.InputManagerImpl.access$7100:219 com.diotek.ime.framework.common.InputManagerImpl$34.run:9393 
12-07 17:17:31.571: E/SamsungIME(31687): lang.getLanguageCode():en, lang.getCountryCode():GB
12-07 17:17:31.571: W/SamsungIME(31687): makeSelectedLanguageList:en_GB;
12-07 17:17:31.571: D/SettingsProvider(791): isChangeAllowed() SettingsProvider : name = sip_input_language
12-07 17:17:31.571: D/SettingsProvider(791): isChangeAllowed() SettingsProvider : name = handwriting_language_list
12-07 17:17:31.581: D/KnoxNotification(1389): ----- inflateViews : modified publicViewLocal -----
12-07 17:17:31.581: I/SamsungIME(31687): getNextShiftState() cursorCapsMode : 0
12-07 17:17:31.581: W/ContextImpl(31687): Calling a method in the system process without a qualified user: android.app.ContextImpl.sendBroadcast:830 android.content.ContextWrapper.sendBroadcast:410 com.diotek.ime.framework.common.InputManagerImpl.sendInputLanguageByThread:9420 com.diotek.ime.framework.common.InputManagerImpl.access$7100:219 com.diotek.ime.framework.common.InputManagerImpl$34.run:9393 
12-07 17:17:31.581: D/SamsungIME(31687): Dismiss ExpandCandiate
12-07 17:17:31.581: E/SamsungIME(31687): lang.getLanguageCode():en, lang.getCountryCode():GB
12-07 17:17:31.581: W/SamsungIME(31687): makeSelectedLanguageList:en_GB;
12-07 17:17:31.591: D/SettingsProvider(791): isChangeAllowed() SettingsProvider : name = sip_input_language
12-07 17:17:31.591: W/System.err(31687): mkdir failed: EEXIST (File exists) : /data/user/0/com.sec.android.inputmethod/app_SwiftKey/user
12-07 17:17:31.591: D/SettingsProvider(791): isChangeAllowed() SettingsProvider : name = handwriting_language_list
12-07 17:17:31.591: D/KnoxNotification(1389): ----- inflateViews : modified KnoxViewLocal -----
12-07 17:17:31.601: I/SamsungIME(31687): getNextShiftState() cursorCapsMode : 0
12-07 17:17:31.601: D/SamsungIME(31687): Dismiss ExpandCandiate
12-07 17:17:31.601: D/SamsungIME(31687): startInputViewContinue : true true
12-07 17:17:31.601: D/SamsungIME(31687): conditions for show dialog : true true true false
12-07 17:17:31.601: D/SamsungIME(31687): showDlgMsgBox : true true true
12-07 17:17:31.601: D/SamsungIME(31687): showDlgMsgBox inner condition : true true
12-07 17:17:31.601: D/PanelView(1389): kidsfalse mQsExpansionEnabled:true
12-07 17:17:31.611: I/SamsungIME(31687): drawAllKey
12-07 17:17:31.611: D/PanelView(1389): kidsfalse mQsExpansionEnabled:true
12-07 17:17:31.611: D/BatteryMeterView(1389): onDraw batteryColor : -1107296257
12-07 17:17:31.621: D/StatusBar(1389): ----- contentsUnchanged : true, bigContentsUnchanged - true, headsUpContentsUnchanged - true , publicUnchanged true
12-07 17:17:31.631: D/PanelView(1389): kidsfalse mQsExpansionEnabled:true
12-07 17:17:31.631: D/PanelView(1389): kidsfalse mQsExpansionEnabled:true
12-07 17:17:31.641: D/SamsungIME(31687): mIsEnableOCR = false
12-07 17:17:31.641: D/SamsungIME(31687): getValidMMCodes - failed to get the packageInfo of OCR or registered OCR Receiver
12-07 17:17:31.641: D/SamsungIME(31687): checking talkback status : false
12-07 17:17:31.641: D/SamsungIME(31687): mIsEnableOCR = false
12-07 17:17:31.641: D/SamsungIME(31687): getValidMMCodes - failed to get the packageInfo of OCR or registered OCR Receiver
12-07 17:17:31.641: D/SamsungIME(31687): checking talkback status : false
12-07 17:17:31.641: D/SamsungIME(31687): mIsEnableOCR = false
12-07 17:17:31.641: D/SamsungIME(31687): getValidMMCodes - failed to get the packageInfo of OCR or registered OCR Receiver
12-07 17:17:31.641: D/SamsungIME(31687): checking talkback status : false
12-07 17:17:31.671: D/SamsungIME(31687): Dismiss ExpandCandiate
12-07 17:17:31.671: W/System.err(31687): mkdir failed: EEXIST (File exists) : /data/user/0/com.sec.android.inputmethod/app_SwiftKey/user
12-07 17:17:31.681: D/ViewRootImpl(6615): MSG_RESIZED: ci=Rect(0, 72 - 0, 0) vi=Rect(0, 72 - 0, 759) or=1
12-07 17:17:31.681: I/SamsungIME(31687): getCurrentKeyboard
12-07 17:17:31.681: I/SamsungIME(31687): getTextKeyboard
12-07 17:17:31.691: D/libEGL(315): eglInitialize EGLDisplay = 0xbed7b364
12-07 17:17:31.691: D/SamsungIME(31687): [SwiftkeyWrapper] currentLangauge : 1701726018
12-07 17:17:31.691: I/SamsungIME(31687): drawAllKey
12-07 17:17:31.721: D/SamsungIME(31687): mIsEnableOCR = false
12-07 17:17:31.721: D/SamsungIME(31687): getValidMMCodes - failed to get the packageInfo of OCR or registered OCR Receiver
12-07 17:17:31.721: D/SamsungIME(31687): checking talkback status : false
12-07 17:17:31.721: D/SamsungIME(31687): mIsEnableOCR = false
12-07 17:17:31.721: D/SamsungIME(31687): getValidMMCodes - failed to get the packageInfo of OCR or registered OCR Receiver
12-07 17:17:31.721: D/SamsungIME(31687): checking talkback status : false
12-07 17:17:31.721: D/SamsungIME(31687): mIsEnableOCR = false
12-07 17:17:31.721: D/SamsungIME(31687): getValidMMCodes - failed to get the packageInfo of OCR or registered OCR Receiver
12-07 17:17:31.721: D/SamsungIME(31687): checking talkback status : false
12-07 17:17:31.741: D/libEGL(315): eglInitialize EGLDisplay = 0xbed7b364
12-07 17:17:31.921: D/CustomFrequencyManagerService(791): releaseDVFSLockLocked : Getting Lock type frm List : DVFS_MIN_LIMIT  frequency : 1958400  uid : 1000  pid : 791  tag : com.sec.android.inputmethod@9
12-07 17:17:31.931: D/libEGL(315): eglInitialize EGLDisplay = 0xbed7b364
12-07 17:17:32.101: I/SamsungIME(31687): Update SetupWizard State usc : 1 pss : false
12-07 17:17:32.111: D/SamsungIME(31687): SwiftKey guide popup condition 1 : true true
12-07 17:17:32.111: E/SamsungIME(31687): SwiftKey guide popup condition 2 : true false truefalse true true true true true true true
12-07 17:17:32.481: D/StatusBar.NetworkController(1389): refreshViews connected={ wifi } level=4 combinedSignalIconId=0x7f020648/com.android.systemui:drawable/stat_sys_wifi_signal_4 mobileLabel=Telenor wifiLabel="Maqbool Solutions" emergencyOnly=false combinedLabel="Maqbool Solutions" mAirplaneMode=false mDataActivity=0 mPhoneSignalIconId=0x7f0205c8/com.android.systemui:drawable/stat_sys_signal_4_auto_rotate mQSPhoneSignalIconId=0x7f02015e/com.android.systemui:drawable/ic_qs_signal_4 mDataDirectionIconId=0x0/(null) mDataSignalIconId=0x7f0205c8/com.android.systemui:drawable/stat_sys_signal_4_auto_rotate mDataTypeIconId=0x7f020420/com.android.systemui:drawable/stat_sys_data_connected_h mQSDataTypeIconId=0x7f020168/com.android.systemui:drawable/ic_qs_signal_h mNoSimIconId=0x0/(null) mWifiIconId=0x7f020648/com.android.systemui:drawable/stat_sys_wifi_signal_4 mQSWifiIconId=0x7f02032a/com.android.systemui:drawable/qs_tile_wifi_signal_4 mWifiActivityIconId=0x7f0205fe/com.android.systemui:drawable/stat_sys_signal_no_inout mBluetoothTetherIconId=0x7f020624/com.android.systemui:drawable/stat_sys_tether_bluetooth
12-07 17:17:32.491: D/StatusBar.NetworkController(1389): refreshNwBoosterIndicator - setNWBoosterIndicators(false)
12-07 17:17:32.491: D/StatusBar.NetworkController(1389): refreshNwBoosterIndicator - setNWBoosterIndicators(false)
12-07 17:17:32.491: D/StatusBar.NetworkController(1389): refreshNwBoosterIndicator - setNWBoosterIndicators(false)
12-07 17:17:32.501: D/StatusBar.NetworkController(1389): refreshNwBoosterIndicator - setNWBoosterIndicators(false)
12-07 17:17:33.501: D/StatusBar.NetworkController(1389): refreshViews connected={ wifi } level=4 combinedSignalIconId=0x7f020648/com.android.systemui:drawable/stat_sys_wifi_signal_4 mobileLabel=Telenor wifiLabel="Maqbool Solutions" emergencyOnly=false combinedLabel="Maqbool Solutions" mAirplaneMode=false mDataActivity=0 mPhoneSignalIconId=0x7f0205c8/com.android.systemui:drawable/stat_sys_signal_4_auto_rotate mQSPhoneSignalIconId=0x7f02015e/com.android.systemui:drawable/ic_qs_signal_4 mDataDirectionIconId=0x0/(null) mDataSignalIconId=0x7f0205c8/com.android.systemui:drawable/stat_sys_signal_4_auto_rotate mDataTypeIconId=0x7f020420/com.android.systemui:drawable/stat_sys_data_connected_h mQSDataTypeIconId=0x7f020168/com.android.systemui:drawable/ic_qs_signal_h mNoSimIconId=0x0/(null) mWifiIconId=0x7f020648/com.android.systemui:drawable/stat_sys_wifi_signal_4 mQSWifiIconId=0x7f02032a/com.android.systemui:drawable/qs_tile_wifi_signal_4 mWifiActivityIconId=0x7f0205fb/com.android.systemui:drawable/stat_sys_signal_inout mBluetoothTetherIconId=0x7f020624/com.android.systemui:drawable/stat_sys_tether_bluetooth
12-07 17:17:33.501: D/StatusBar.NetworkController(1389): refreshNwBoosterIndicator - setNWBoosterIndicators(false)
12-07 17:17:33.501: D/StatusBar.NetworkController(1389): refreshNwBoosterIndicator - setNWBoosterIndicators(false)
12-07 17:17:33.511: D/StatusBar.NetworkController(1389): refreshNwBoosterIndicator - setNWBoosterIndicators(false)
12-07 17:17:33.511: D/StatusBar.NetworkController(1389): refreshNwBoosterIndicator - setNWBoosterIndicators(false)
12-07 17:17:33.531: D/BatteryService(791): !@BatteryListener : batteryPropertiesChanged!
12-07 17:17:33.531: D/BatteryService(791): level:100, scale:100, status:5, health:2, present:true, voltage: 4383, temperature: 244, technology: Li-ion, AC powered:false, USB powered:true, POGO powered:false, Wireless powered:false, icon:17303564, invalid charger:0, maxChargingCurrent:0
12-07 17:17:33.531: D/BatteryService(791): online:4, current avg:450, charge type:1, power sharing:false, high voltage charger:false, capacity:280000, batterySWSelfDischarging:false, current_now:450
12-07 17:17:33.531: D/BatteryService(791): Sending ACTION_BATTERY_CHANGED.
12-07 17:17:33.541: I/MotionRecognitionService(791): Plugged
12-07 17:17:33.541: D/MotionRecognitionService(791):   cableConnection= 1
12-07 17:17:33.541: D/MotionRecognitionService(791): setPowerConnected | current backoffstate  = 1024 , state =1024
12-07 17:17:33.541: D/MotionRecognitionService(791): skip setTransmitPower. 
12-07 17:17:33.551: D/KeyguardUpdateMonitor(1389): received broadcast android.intent.action.BATTERY_CHANGED
12-07 17:17:33.551: I/PERF(1389): received broadcast android.intent.action.BATTERY_CHANGED
12-07 17:17:33.551: D/KeyguardUpdateMonitor(1389): handleBatteryUpdate
12-07 17:17:33.551: D/BatteryMeterView(1389): ACTION_BATTERY_CHANGED : level:100 status:5 health:2
12-07 17:17:33.561: D/BatteryMeterView(1389): ACTION_BATTERY_CHANGED : level:100 status:5 health:2
12-07 17:17:33.561: D/CommonServiceConfiguration(1859): getStringValueSetting
12-07 17:17:33.561: D/BatteryMeterView(1389): ACTION_BATTERY_CHANGED : level:100 status:5 health:2
12-07 17:17:33.561: D/BatteryMonitor(1859): new battery level: 100
12-07 17:17:33.871: D/InputReader(791): Input event(8): value=1 when=53606164935000
12-07 17:17:33.881: D/lights(791): button : 1 +
12-07 17:17:33.881: I/InputDispatcher(791): Delivering key to (6615): action: 0x0 (0)
12-07 17:17:33.891: D/ViewRootImpl(6615): The input has been finished in ImeInputStage.
12-07 17:17:33.921: D/lights(791): button : 1 -
12-07 17:17:33.991: D/InputReader(791): Input event(8): value=0 when=53606285867000
12-07 17:17:33.991: I/InputDispatcher(791): Delivering key to (6615): action: 0x1 (0)
12-07 17:17:34.001: D/ViewRootImpl(6615): The input has been finished in ImeInputStage.
12-07 17:17:34.001: D/LightsService(791): [api] [SvcLED] turnOff:: id = 6 (uid: 1000 pid: 791) 
12-07 17:17:34.011: D/LightsService(791): [SvcLED] setSvcLedStateLocked:: SvcLEDState : 0x0 -> 0x0 | SvcLED(id=6) set Off
12-07 17:17:34.011: D/EdgeLight(791): Turning on edge light for notification (NotificationRecord(0x09549bee: pkg=com.centsol.csongs user=UserHandle{0} id=353032209 tag=null score=-10 key=0|com.centsol.csongs|353032209|null|10232: Notification(pri=-1 contentView=null vibrate=default sound=default tick defaults=0x7 flags=0x11 color=0xff00ff00 vis=PUBLIC secFlags=0x0 secPriority=0))) with color=ffffffff
12-07 17:17:34.011: D/LightsService(791): [SvcLED] handleForcedSvcLEDTask()
12-07 17:17:34.011: D/LightsService(791): [SvcLED]  setSvcLedLightLocked :: Current SvcLED(id=5) maintains its priority right
12-07 17:17:34.011: D/MARsPolicyManager(791): NotificationListenerService OngoingNotificationRemoved : android
12-07 17:17:34.011: D/SamsungIME(31687): onWindowHidden
12-07 17:17:34.021: W/ContextImpl(31687): Calling a method in the system process without a qualified user: android.app.ContextImpl.sendBroadcast:830 android.content.ContextWrapper.sendBroadcast:410 android.inputmethodservice.InputMethodService.sendInputViewShownState:443 android.inputmethodservice.InputMethodService.hideWindow:2310 android.inputmethodservice.InputMethodService.doHideWindow:2288 
12-07 17:17:34.021: D/InputMethodManagerService(791): [HARDWARE_KEYBOARD] (refreshImeWindowVis) mImeWindowVis= 0 inputVisible = falsehaveHardKeyboard = false hardKeyShown = false
12-07 17:17:34.031: D/libEGL(315): eglTerminate EGLDisplay = 0xb47ef64c
12-07 17:17:34.031: D/libEGL(315): eglTerminate EGLDisplay = 0xb47ef64c
12-07 17:17:34.031: D/PanelView(1389): kidsfalse mQsExpansionEnabled:true
12-07 17:17:34.031: D/ViewRootImpl(6615): MSG_RESIZED: ci=Rect(0, 72 - 0, 0) vi=Rect(0, 72 - 0, 0) or=1
12-07 17:17:34.041: D/PanelView(1389): kidsfalse mQsExpansionEnabled:true
12-07 17:17:34.041: D/BatteryMeterView(1389): onDraw batteryColor : -1107296257
12-07 17:17:34.191: D/StatusBar.NetworkController(1389): onSignalStrengthsChanged signalStrength=SignalStrength: 21 99 -120 -160 -120 -1 -1 99 2147483647 2147483647 2147483647 -1 2147483647 0x4 gsm|lte level=4
12-07 17:17:34.191: D/StatusBar.NetworkController(1389): updateTelephonySignalStrength: hasService=true ss=SignalStrength: 21 99 -120 -160 -120 -1 -1 99 2147483647 2147483647 2147483647 -1 2147483647 0x4 gsm|lte
12-07 17:17:34.191: D/StatusBar.NetworkController(1389): updateTelephonySignalStrength: iconLevel=4
12-07 17:17:34.191: D/StatusBar.NetworkController(1389): updateTelephonySignalStrength, No signal level. mPhoneSignalIconId = com.android.systemui:drawable/stat_sys_signal_4_auto_rotate mDataSignalIconId = com.android.systemui:drawable/stat_sys_signal_4_auto_rotate mQSPhoneSignalIconId = com.android.systemui:drawable/ic_qs_signal_4 mContentDescriptionPhoneSignal = Phone signal full.
12-07 17:17:34.271: I/SurfaceFlinger(315): id=859 Removed JnputMethod (7/10)
12-07 17:17:34.271: I/SurfaceFlinger(315): id=859 Removed JnputMethod (-2/10)
12-07 17:17:34.271: D/SSRM:n(791): SIOP:: AP = 260, PST = 263, CUR = 450, LCD = 53
12-07 17:17:34.281: D/libEGL(315): eglTerminate EGLDisplay = 0xbed7b3a4
12-07 17:17:34.291: D/StatusBar.NetworkController(1389): refreshViews connected={ wifi } level=4 combinedSignalIconId=0x7f020648/com.android.systemui:drawable/stat_sys_wifi_signal_4 mobileLabel=Telenor wifiLabel="Maqbool Solutions" emergencyOnly=false combinedLabel="Maqbool Solutions" mAirplaneMode=false mDataActivity=0 mPhoneSignalIconId=0x7f0205c8/com.android.systemui:drawable/stat_sys_signal_4_auto_rotate mQSPhoneSignalIconId=0x7f02015e/com.android.systemui:drawable/ic_qs_signal_4 mDataDirectionIconId=0x0/(null) mDataSignalIconId=0x7f0205c8/com.android.systemui:drawable/stat_sys_signal_4_auto_rotate mDataTypeIconId=0x7f020420/com.android.systemui:drawable/stat_sys_data_connected_h mQSDataTypeIconId=0x7f020168/com.android.systemui:drawable/ic_qs_signal_h mNoSimIconId=0x0/(null) mWifiIconId=0x7f020648/com.android.systemui:drawable/stat_sys_wifi_signal_4 mQSWifiIconId=0x7f02032a/com.android.systemui:drawable/qs_tile_wifi_signal_4 mWifiActivityIconId=0x7f0205fb/com.android.systemui:drawable/stat_sys_signal_inout mBluetoothTetherIconId=0x7f020624/com.android.systemui:drawable/stat_sys_tether_bluetooth
12-07 17:17:34.291: D/StatusBar.NetworkController(1389): refreshNwBoosterIndicator - setNWBoosterIndicators(false)
12-07 17:17:34.291: D/StatusBar.NetworkController(1389): refreshNwBoosterIndicator - setNWBoosterIndicators(false)
12-07 17:17:34.291: D/StatusBar.NetworkController(1389): refreshNwBoosterIndicator - setNWBoosterIndicators(false)
12-07 17:17:34.291: D/StatusBar.NetworkController(1389): refreshNwBoosterIndicator - setNWBoosterIndicators(false)
12-07 17:17:34.511: D/StatusBar.NetworkController(1389): refreshViews connected={ wifi } level=4 combinedSignalIconId=0x7f020648/com.android.systemui:drawable/stat_sys_wifi_signal_4 mobileLabel=Telenor wifiLabel="Maqbool Solutions" emergencyOnly=false combinedLabel="Maqbool Solutions" mAirplaneMode=false mDataActivity=0 mPhoneSignalIconId=0x7f0205c8/com.android.systemui:drawable/stat_sys_signal_4_auto_rotate mQSPhoneSignalIconId=0x7f02015e/com.android.systemui:drawable/ic_qs_signal_4 mDataDirectionIconId=0x0/(null) mDataSignalIconId=0x7f0205c8/com.android.systemui:drawable/stat_sys_signal_4_auto_rotate mDataTypeIconId=0x7f020420/com.android.systemui:drawable/stat_sys_data_connected_h mQSDataTypeIconId=0x7f020168/com.android.systemui:drawable/ic_qs_signal_h mNoSimIconId=0x0/(null) mWifiIconId=0x7f020648/com.android.systemui:drawable/stat_sys_wifi_signal_4 mQSWifiIconId=0x7f02032a/com.android.systemui:drawable/qs_tile_wifi_signal_4 mWifiActivityIconId=0x7f0205fe/com.android.systemui:drawable/stat_sys_signal_no_inout mBluetoothTetherIconId=0x7f020624/com.android.systemui:drawable/stat_sys_tether_bluetooth
12-07 17:17:34.511: D/StatusBar.NetworkController(1389): refreshNwBoosterIndicator - setNWBoosterIndicators(false)
12-07 17:17:34.521: D/StatusBar.NetworkController(1389): refreshNwBoosterIndicator - setNWBoosterIndicators(false)
12-07 17:17:34.521: D/StatusBar.NetworkController(1389): refreshNwBoosterIndicator - setNWBoosterIndicators(false)
12-07 17:17:34.531: D/StatusBar.NetworkController(1389): refreshNwBoosterIndicator - setNWBoosterIndicators(false)
12-07 17:17:35.381: D/lights(791): button : 0 +
12-07 17:17:35.421: D/lights(791): button : 0 -
12-07 17:17:35.771: D/InputReader(791): Input event(9): value=1 when=53608060937000
12-07 17:17:35.771: I/InputReader(791): Touch event's action is 0x0 (deviceType=0) [pCnt=1, s=0.2437 ] when=53608061050000
12-07 17:17:35.771: I/InputDispatcher(791): Delivering touch to (1389): action: 0x4, toolType: 1
12-07 17:17:35.771: I/InputDispatcher(791): Delivering touch to (2486): action: 0x4, toolType: 1
12-07 17:17:35.771: D/ViewRootImpl(6615): ViewPostImeInputStage processPointer 0
12-07 17:17:35.771: I/InputDispatcher(791): Delivering touch to (6615): action: 0x0, toolType: 1
12-07 17:17:35.771: D/InputReader(791): lastThreadEndTime = 53606289034740, currentThreadStartTime = 53606289043750, diff = 0
12-07 17:17:35.771: D/PowerManagerService(791): [api] userActivityFromNative : 50 (event: 2 flags: 0) eventTime = 53608061
12-07 17:17:35.771: E/FXEntity(6615): call native MultitouchEvent, density = 3.0, touchXs0 = 590
12-07 17:17:35.771: I/GLASS(6615): Call InternalSurfaceView_onMultiTouchEventNative
12-07 17:17:35.771: I/GLASS(6615): Glass will pass multitouchevent to monocle with count = 1
12-07 17:17:35.791: E/FXEntity(6615): call native MultitouchEvent, density = 3.0, touchXs0 = 590
12-07 17:17:35.791: I/GLASS(6615): Call InternalSurfaceView_onMultiTouchEventNative
12-07 17:17:35.791: I/GLASS(6615): Glass will pass multitouchevent to monocle with count = 1
12-07 17:17:35.841: E/FXEntity(6615): call native MultitouchEvent, density = 3.0, touchXs0 = 590
12-07 17:17:35.841: I/GLASS(6615): Call InternalSurfaceView_onMultiTouchEventNative
12-07 17:17:35.841: I/GLASS(6615): Glass will pass multitouchevent to monocle with count = 1
12-07 17:17:35.871: E/FXEntity(6615): call native MultitouchEvent, density = 3.0, touchXs0 = 590
12-07 17:17:35.871: I/GLASS(6615): Call InternalSurfaceView_onMultiTouchEventNative
12-07 17:17:35.871: I/GLASS(6615): Glass will pass multitouchevent to monocle with count = 1
12-07 17:17:35.871: E/FXEntity(6615): call native MultitouchEvent, density = 3.0, touchXs0 = 590
12-07 17:17:35.881: I/GLASS(6615): Call InternalSurfaceView_onMultiTouchEventNative
12-07 17:17:35.881: I/GLASS(6615): Glass will pass multitouchevent to monocle with count = 1
12-07 17:17:35.891: D/InputReader(791): Input event(9): value=0 when=53608180644000
12-07 17:17:35.891: I/InputReader(791): Touch event's action is 0x1 (deviceType=0) [pCnt=1, s=] when=53608180645000
12-07 17:17:35.891: I/InputDispatcher(791): Delivering touch to (6615): action: 0x1, toolType: 1
12-07 17:17:35.891: E/FXEntity(6615): call native MultitouchEvent, density = 3.0, touchXs0 = 590
12-07 17:17:35.891: I/GLASS(6615): Call InternalSurfaceView_onMultiTouchEventNative
12-07 17:17:35.891: I/GLASS(6615): Glass will pass multitouchevent to monocle with count = 1
12-07 17:17:35.891: D/ViewRootImpl(6615): ViewPostImeInputStage processPointer 1
12-07 17:17:35.891: E/FXEntity(6615): call native MultitouchEvent, density = 3.0, touchXs0 = 590
12-07 17:17:35.891: I/GLASS(6615): Call InternalSurfaceView_onMultiTouchEventNative
12-07 17:17:35.891: I/GLASS(6615): Glass will pass multitouchevent to monocle with count = 1
12-07 17:17:35.891: I/System.out(6615): don't add points, primary = -1
12-07 17:17:35.891: I/System.out(6615): [ 12-07 17:17:35.891  6615: 7595 W/         ]
12-07 17:17:35.891: I/System.out(6615): Zip: Invalid filename 
12-07 17:17:35.891: I/System.out(6615): [ 12-07 17:17:35.901  6615: 7595 W/         ]
12-07 17:17:35.891: I/System.out(6615): Zip: Invalid filename 
12-07 17:17:35.891: I/System.out(6615): [ 12-07 17:17:35.901  6615: 7595 W/         ]
12-07 17:17:35.891: I/System.out(6615): Zip: Invalid filename 
12-07 17:17:35.891: I/System.out(6615): [ 12-07 17:17:35.901  6615: 7595 W/         ]
12-07 17:17:35.891: I/System.out(6615): Zip: Invalid filename 
12-07 17:17:35.891: I/System.out(6615): [ 12-07 17:17:35.901  6615: 7595 W/         ]
12-07 17:17:35.891: I/System.out(6615): Zip: Invalid filename 
12-07 17:17:35.891: I/System.out(6615): [ 12-07 17:17:35.901  6615: 7595 W/         ]
12-07 17:17:35.891: I/System.out(6615): Zip: Invalid filename 
12-07 17:17:35.891: I/System.out(6615): [ 12-07 17:17:35.901  6615: 7595 W/         ]
12-07 17:17:35.891: I/System.out(6615): Zip: Invalid filename 
12-07 17:17:35.891: I/System.out(6615): [ 12-07 17:17:35.901  6615: 7595 W/         ]
12-07 17:17:35.891: I/System.out(6615): Zip: Invalid filename 
12-07 17:17:35.891: I/System.out(6615): [ 12-07 17:17:35.901  6615: 7595 W/         ]
12-07 17:17:35.891: I/System.out(6615): Zip: Invalid filename 
12-07 17:17:35.891: I/System.out(6615): [ 12-07 17:17:35.901  6615: 7595 W/         ]
12-07 17:17:35.891: I/System.out(6615): Zip: Invalid filename 
12-07 17:17:35.891: I/System.out(6615): [ 12-07 17:17:35.901  6615: 7595 W/         ]
12-07 17:17:35.891: I/System.out(6615): Zip: Invalid filename 
12-07 17:17:35.891: I/System.out(6615): [ 12-07 17:17:35.901  6615: 7595 W/         ]
12-07 17:17:35.891: I/System.out(6615): Zip: Invalid filename 
12-07 17:17:35.891: I/System.out(6615): [ 12-07 17:17:35.901  6615: 7595 W/         ]
12-07 17:17:35.891: I/System.out(6615): Zip: Invalid filename 
12-07 17:17:35.891: I/System.out(6615): [ 12-07 17:17:35.901  6615: 7595 W/         ]
12-07 17:17:35.891: I/System.out(6615): Zip: Invalid filename 
12-07 17:17:35.891: I/System.out(6615): [ 12-07 17:17:35.901  6615: 7595 W/         ]
12-07 17:17:35.891: I/System.out(6615): Zip: Invalid filename 
12-07 17:17:35.891: I/System.out(6615): [ 12-07 17:17:35.901  6615: 7595 W/         ]
12-07 17:17:35.891: I/System.out(6615): Zip: Invalid filename 
12-07 17:17:35.891: I/System.out(6615): [ 12-07 17:17:35.901  6615: 7595 W/         ]
12-07 17:17:35.891: I/System.out(6615): Zip: Invalid filename 
12-07 17:17:35.891: I/System.out(6615): [ 12-07 17:17:35.901  6615: 7595 W/         ]
12-07 17:17:35.891: I/System.out(6615): Zip: Invalid filename 
12-07 17:17:35.891: I/System.out(6615): [ 12-07 17:17:35.901  6615: 7595 W/         ]
12-07 17:17:35.891: I/System.out(6615): Zip: Invalid filename 
12-07 17:17:35.891: I/System.out(6615): [ 12-07 17:17:35.901  6615: 7595 W/         ]
12-07 17:17:35.891: I/System.out(6615): Zip: Invalid filename 
12-07 17:17:35.891: I/System.out(6615): [ 12-07 17:17:35.901  6615: 7595 W/         ]
12-07 17:17:35.891: I/System.out(6615): Zip: Invalid filename 
12-07 17:17:35.891: I/System.out(6615): [ 12-07 17:17:35.901  6615: 7595 W/         ]
12-07 17:17:35.891: I/System.out(6615): Zip: Invalid filename 
12-07 17:17:35.891: I/System.out(6615): [ 12-07 17:17:35.911  6615: 7595 W/         ]
12-07 17:17:35.891: I/System.out(6615): Zip: Invalid filename 
12-07 17:17:35.891: I/System.out(6615): [ 12-07 17:17:35.911  6615: 7595 W/         ]
12-07 17:17:35.891: I/System.out(6615): Zip: Invalid filename 
12-07 17:17:35.891: I/System.out(6615): [ 12-07 17:17:35.911  6615: 7595 W/         ]
12-07 17:17:35.891: I/System.out(6615): Zip: Invalid filename 
12-07 17:17:35.891: I/System.out(6615): [ 12-07 17:17:35.911  6615: 7595 W/         ]
12-07 17:17:35.891: I/System.out(6615): Zip: Invalid filename 
12-07 17:17:35.891: I/System.out(6615): [ 12-07 17:17:35.911  6615: 7595 W/         ]
12-07 17:17:35.891: I/System.out(6615): Zip: Invalid filename 
12-07 17:17:35.891: I/System.out(6615): [ 12-07 17:17:35.911  6615: 7595 W/         ]
12-07 17:17:35.891: I/System.out(6615): Zip: Invalid filename 
12-07 17:17:35.891: I/System.out(6615): [ 12-07 17:17:35.911  6615: 7595 W/         ]
12-07 17:17:35.891: I/System.out(6615): Zip: Invalid filename 
12-07 17:17:35.891: I/System.out(6615): [ 12-07 17:17:35.911  6615: 7595 W/         ]
12-07 17:17:35.891: I/System.out(6615): Zip: Invalid filename 
12-07 17:17:35.891: I/System.out(6615): [ 12-07 17:17:35.911  6615: 7595 W/         ]
12-07 17:17:35.891: I/System.out(6615): Unable to open '/system/framework/com.qti.location.sdk.jar': No such file or directory
12-07 17:17:35.911: W/art(6615): Failed to open zip archive '/system/framework/com.qti.location.sdk.jar': I/O Error
12-07 17:17:35.921: E/AndroidRuntime(6615): FATAL EXCEPTION: JavaFX Application Thread
12-07 17:17:35.921: E/AndroidRuntime(6615): Process: com.maqboolsolutions.mysql_ssh_android, PID: 6615
12-07 17:17:35.921: E/AndroidRuntime(6615): java.lang.RuntimeException: java.lang.reflect.InvocationTargetException
12-07 17:17:35.921: E/AndroidRuntime(6615): 	at javafx.fxml.FXMLLoader$MethodHandler.invoke(FXMLLoader.java:1774)
12-07 17:17:35.921: E/AndroidRuntime(6615): 	at javafx.fxml.FXMLLoader$ControllerMethodEventHandler.handle(FXMLLoader.java:1657)
12-07 17:17:35.921: E/AndroidRuntime(6615): 	at com.sun.javafx.event.CompositeEventHandler.dispatchBubblingEvent(CompositeEventHandler.java:86)
12-07 17:17:35.921: E/AndroidRuntime(6615): 	at com.sun.javafx.event.EventHandlerManager.dispatchBubblingEvent(EventHandlerManager.java:238)
12-07 17:17:35.921: E/AndroidRuntime(6615): 	at com.sun.javafx.event.EventHandlerManager.dispatchBubblingEvent(EventHandlerManager.java:191)
12-07 17:17:35.921: E/AndroidRuntime(6615): 	at com.sun.javafx.event.CompositeEventDispatcher.dispatchBubblingEvent(CompositeEventDispatcher.java:59)
12-07 17:17:35.921: E/AndroidRuntime(6615): 	at com.sun.javafx.event.BasicEventDispatcher.dispatchEvent(BasicEventDispatcher.java:58)
12-07 17:17:35.921: E/AndroidRuntime(6615): 	at com.sun.javafx.event.EventDispatchChainImpl.dispatchEvent(EventDispatchChainImpl.java:114)
12-07 17:17:35.921: E/AndroidRuntime(6615): 	at com.sun.javafx.event.BasicEventDispatcher.dispatchEvent(BasicEventDispatcher.java:56)
12-07 17:17:35.921: E/AndroidRuntime(6615): 	at com.sun.javafx.event.EventDispatchChainImpl.dispatchEvent(EventDispatchChainImpl.java:114)
12-07 17:17:35.921: E/AndroidRuntime(6615): 	at com.sun.javafx.event.BasicEventDispatcher.dispatchEvent(BasicEventDispatcher.java:56)
12-07 17:17:35.921: E/AndroidRuntime(6615): 	at com.sun.javafx.event.EventDispatchChainImpl.dispatchEvent(EventDispatchChainImpl.java:114)
12-07 17:17:35.921: E/AndroidRuntime(6615): 	at com.sun.javafx.event.EventUtil.fireEventImpl(EventUtil.java:74)
12-07 17:17:35.921: E/AndroidRuntime(6615): 	at com.sun.javafx.event.EventUtil.fireEvent(EventUtil.java:49)
12-07 17:17:35.921: E/AndroidRuntime(6615): 	at javafx.event.Event.fireEvent(Event.java:198)
12-07 17:17:35.921: E/AndroidRuntime(6615): 	at javafx.scene.Node.fireEvent(Node.java:8411)
12-07 17:17:35.921: E/AndroidRuntime(6615): 	at javafx.scene.control.Button.fire(Button.java:185)
12-07 17:17:35.921: E/AndroidRuntime(6615): 	at com.sun.javafx.scene.control.behavior.ButtonBehavior.mouseReleased(ButtonBehavior.java:182)
12-07 17:17:35.921: E/AndroidRuntime(6615): 	at com.sun.javafx.scene.control.skin.BehaviorSkinBase$1.handle(BehaviorSkinBase.java:96)
12-07 17:17:35.921: E/AndroidRuntime(6615): 	at com.sun.javafx.scene.control.skin.BehaviorSkinBase$1.handle(BehaviorSkinBase.java:89)
12-07 17:17:35.921: E/AndroidRuntime(6615): 	at com.sun.javafx.event.CompositeEventHandler$NormalEventHandlerRecord.handleBubblingEvent(CompositeEventHandler.java:218)
12-07 17:17:35.921: E/AndroidRuntime(6615): 	at com.sun.javafx.event.CompositeEventHandler.dispatchBubblingEvent(CompositeEventHandler.java:80)
12-07 17:17:35.921: E/AndroidRuntime(6615): 	at com.sun.javafx.event.EventHandlerManager.dispatchBubblingEvent(EventHandlerManager.java:238)
12-07 17:17:35.921: E/AndroidRuntime(6615): 	at com.sun.javafx.event.EventHandlerManager.dispatchBubblingEvent(EventHandlerManager.java:191)
12-07 17:17:35.921: E/AndroidRuntime(6615): 	at com.sun.javafx.event.CompositeEventDispatcher.dispatchBubblingEvent(CompositeEventDispatcher.java:59)
12-07 17:17:35.921: E/AndroidRuntime(6615): 	at com.sun.javafx.event.BasicEventDispatcher.dispatchEvent(BasicEventDispatcher.java:58)
12-07 17:17:35.921: E/AndroidRuntime(6615): 	at com.sun.javafx.event.EventDispatchChainImpl.dispatchEvent(EventDispatchChainImpl.java:114)
12-07 17:17:35.921: E/AndroidRuntime(6615): 	at com.sun.javafx.event.BasicEventDispatcher.dispatchEvent(BasicEventDispatcher.java:56)
12-07 17:17:35.921: E/AndroidRuntime(6615): 	at com.sun.javafx.event.EventDispatchChainImpl.dispatchEvent(EventDispatchChainImpl.java:114)
12-07 17:17:35.921: E/AndroidRuntime(6615): 	at com.sun.javafx.event.BasicEventDispatcher.dispatchEvent(BasicEventDispatcher.java:56)
12-07 17:17:35.921: E/AndroidRuntime(6615): 	at com.sun.javafx.event.EventDispatchChainImpl.dispatchEvent(EventDispatchChainImpl.java:114)
12-07 17:17:35.921: E/AndroidRuntime(6615): 	at com.sun.javafx.event.EventUtil.fireEventImpl(EventUtil.java:74)
12-07 17:17:35.921: E/AndroidRuntime(6615): 	at com.sun.javafx.event.EventUtil.fireEvent(EventUtil.java:54)
12-07 17:17:35.921: E/AndroidRuntime(6615): 	at javafx.event.Event.fireEvent(Event.java:198)
12-07 17:17:35.921: E/AndroidRuntime(6615): 	at javafx.scene.Scene$MouseHandler.process(Scene.java:3761)
12-07 17:17:35.921: E/AndroidRuntime(6615): 	at javafx.scene.Scene$MouseHandler.access$1500(Scene.java:3489)
12-07 17:17:35.921: E/AndroidRuntime(6615): 	at javafx.scene.Scene.impl_processMouseEvent(Scene.java:1762)
12-07 17:17:35.921: E/AndroidRuntime(6615): 	at javafx.scene.Scene$ScenePeerListener.mouseEvent(Scene.java:2498)
12-07 17:17:35.921: E/AndroidRuntime(6615): 	at com.sun.javafx.tk.quantum.GlassViewEventHandler$MouseEventNotification.run(GlassViewEventHandler.java:352)
12-07 17:17:35.921: E/AndroidRuntime(6615): 	at com.sun.javafx.tk.quantum.GlassViewEventHandler$MouseEventNotification.run(GlassViewEventHandler.java:275)
12-07 17:17:35.921: E/AndroidRuntime(6615): 	at java.security.AccessController.doPrivileged(AccessController.java:52)
12-07 17:17:35.921: E/AndroidRuntime(6615): 	at com.sun.javafx.tk.quantum.GlassViewEventHandler.lambda$handleMouseEvent$335(GlassViewEventHandler.java:388)
12-07 17:17:35.921: E/AndroidRuntime(6615): 	at com.sun.javafx.tk.quantum.GlassViewEventHandler.access$lambda$1(GlassViewEventHandler.java)
12-07 17:17:35.921: E/AndroidRuntime(6615): 	at com.sun.javafx.tk.quantum.GlassViewEventHandler$$Lambda$4.get(Unknown Source)
12-07 17:17:35.921: E/AndroidRuntime(6615): 	at com.sun.javafx.tk.quantum.QuantumToolkit.runWithoutRenderLock(QuantumToolkit.java:391)
12-07 17:17:35.921: E/AndroidRuntime(6615): 	at com.sun.javafx.tk
12-07 17:17:35.921: W/ActivityManager(791):   Force finishing activity com.maqboolsolutions.mysql_ssh_android/javafxports.android.FXActivity
12-07 17:17:35.921: D/FocusedStackFrame(791): Set to : 0
12-07 17:17:35.931: W/DropBoxManagerService(791): Dropping: data_app_crash (10 > 0 bytes)
12-07 17:17:35.931: D/InputDispatcher(791): Focused application set to: xxxx
12-07 17:17:35.931: D/InputDispatcher(791): Focus left window: 6615
12-07 17:17:35.931: D/PointerIcon(791): setMouseIconStyle1 pointerType: 1001 iconType:101 flag:0 pid:791 uid:1000
12-07 17:17:35.931: D/PointerIcon(791): setMouseCustomIcon IconType is same.101
12-07 17:17:35.931: D/PointerIcon(791): setHoveringSpenIconStyle1 pointerType: 10001 iconType:1 flag:0 pid:791 uid:1000
12-07 17:17:35.931: D/PointerIcon(791): setHoveringSpenCustomIcon IconType is same.1
12-07 17:17:35.981: E/android.os.Debug(791): ro.product_ship = true
12-07 17:17:35.981: E/android.os.Debug(791): ro.debug_level = 0x4f4c
12-07 17:17:35.981: E/android.os.Debug(791): sys.mobilecare.preload = false
12-07 17:17:36.001: D/ViewRootImpl(791): #1 mView = com.android.internal.policy.PhoneWindow$DecorView{f2658c1 V.E...... R.....I. 0,0-0,0}
12-07 17:17:36.001: D/ISSUE_DEBUG(791): InputChannelName : 81c97a7 Application Error: com.maqboolsolutions.mysql_ssh_android
12-07 17:17:36.011: D/InputDispatcher(791): Focus entered window: 791
12-07 17:17:36.011: D/PointerIcon(791): setMouseIconStyle1 pointerType: 1001 iconType:101 flag:0 pid:791 uid:1000
12-07 17:17:36.011: D/PointerIcon(791): setMouseCustomIcon IconType is same.101
12-07 17:17:36.011: D/PointerIcon(791): setHoveringSpenIconStyle1 pointerType: 10001 iconType:1 flag:0 pid:791 uid:1000
12-07 17:17:36.011: D/PointerIcon(791): setHoveringSpenCustomIcon IconType is same.1
12-07 17:17:36.011: D/CustomFrequencyManagerService(791): acquireDVFSLockLocked : type : DVFS_MIN_LIMIT  frequency : 1958400  uid : 1000  pid : 791  pkgName : ACTIVITY_RESUME_BOOSTER@10
12-07 17:17:36.011: D/ActivityManager(791): mDVFSHelper.acquire()
12-07 17:17:36.021: I/SurfaceFlinger(315): id=860 createSurf (145x145),1 flag=4, nysql_ssh_a
12-07 17:17:36.021: I/ActivityManager(791): Killing 31815:com.samsung.android.fmm/1000 (adj 8): SSR - service for lastStateTime 630s, lastActivityTime 630s
12-07 17:17:36.021: I/ActivityManager(791): Killing 31769:com.sec.android.pagebuddynotisvc/u0a35 (adj 8): SSR - service for lastStateTime 634s, lastActivityTime 634s
12-07 17:17:36.031: D/libEGL(791): eglInitialize EGLDisplay = 0x936867c4
12-07 17:17:36.031: I/OpenGLRenderer(791): Initialized EGL, version 1.4
12-07 17:17:36.041: D/Launcher(30518): onRestart, Launcher: 254780842
12-07 17:17:36.061: D/ActivityManager(791): isAutoRunBlockedApp:: com.samsung.android.fmm, Auto Run ON
12-07 17:17:36.061: I/ActivityManager(791): isWidgetUsingPkg : com.samsung.android.fmm no widget is using.
12-07 17:17:36.061: W/ActivityManager(791): Scheduling restart of crashed service com.samsung.android.fmm/com.fmm.dm.XDMService in 1000ms
12-07 17:17:36.061: D/StatusBarManagerService(791): manageDisableList userId=0 what=0x0 pkg=Window{81c97a7 u0 d0 Application Error: com.maqboolsolutions.mysql_ssh_android}
12-07 17:17:36.061: D/PhoneStatusBar(1389): setSystemUiVisibility vis=8000 mask=ffffffff oldVal=8600 newVal=8000 diff=600
12-07 17:17:36.061: D/Launcher(30518): onStart, Launcher: 254780842
12-07 17:17:36.061: D/Launcher.HomeView(30518): onStart
12-07 17:17:36.061: I/VerificationLog(30518): onResume
12-07 17:17:36.061: D/Launcher(30518): onResume, Launcher: 254780842
12-07 17:17:36.061: D/SettingsProvider(791): isChangeAllowed() SettingsProvider : name = kids_home_mode
12-07 17:17:36.061: D/SettingsProvider(791): edmUri: content://com.sec.knox.provider/RestrictionPolicy3
12-07 17:17:36.061: D/SecContentProvider(791): query(), uri = 17 selection = isSettingsChangesAllowed
12-07 17:17:36.061: D/SettingsProvider(791): projectionArgs: isSettingsChangesAllowed
12-07 17:17:36.061: D/SettingsProvider(791): selectionArgs: false
12-07 17:17:36.061: D/SettingsProvider(791): selectionArgs: 10021
12-07 17:17:36.061: D/SettingsProvider(791): ret = -1
12-07 17:17:36.061: D/Launcher.HomeView(30518): onResume
12-07 17:17:36.071: D/Launcher(30518): Launcher::setSystemUiTransparency(): getSystemUiVisibility() after setting  = 0
12-07 17:17:36.071: D/ActivityManager(791): isAutoRunBlockedApp:: com.sec.android.pagebuddynotisvc, Auto Run ON
12-07 17:17:36.071: I/ActivityManager(791): isWidgetUsingPkg : com.sec.android.pagebuddynotisvc no widget is using.
12-07 17:17:36.071: W/ActivityManager(791): Scheduling restart of crashed service com.sec.android.pagebuddynotisvc/.PageBuddyNotiSvc in 10985ms
12-07 17:17:36.081: W/DisplayListCanvas(791): DisplayListCanvas is started on unbinded RenderNode (without mOwningView)
12-07 17:17:36.081: D/MenuAppsGridFragment(30518): onResume
12-07 17:17:36.081: D/SurfaceWidgetConnection(30518): .SurfaceWidgetWeather#1 Checking SurfaceTexture if it needs to be updated
12-07 17:17:36.081: D/SurfaceWidgetConnection(30518): .SurfaceWidgetWeather#1 SurfaceTexture was set
12-07 17:17:36.081: D/SurfaceWidgetClient$ISurfaceWidgetStub(18452): [237392/23] Surface widget visibility changed visibility = true on instance = 1
12-07 17:17:36.091: D/ActivityManager(791): post active user change for 0 fullscreen true isFloatingActivity() false isHomeActivity() true
12-07 17:17:36.091: I/WallpaperManagerService(791): switchPersonaWallpaper is called for personaId-0
12-07 17:17:36.091: D/KnoxTimeoutHandler(791): post home show event for user 0
12-07 17:17:36.091: D/WallpaperManagerService(791):  force update = false; persona id = 0; current user =0; current persona = 0
12-07 17:17:36.091: D/KnoxTimeoutHandler(791): handleHomeShow for 0 and current 0
12-07 17:17:36.091: D/KnoxTimeoutHandler(791): postActiveUserChange [MsgParam] userId: 0 fullscreen is true showWhenlocked is false
12-07 17:17:36.091: D/KnoxTimeoutHandler(791): handleActiveUserChange [MsgParam] userId: 0 fullscreen is true showWhenlocked is false
12-07 17:17:36.091: I/KnoxTimeoutHandler(791): Shared devices show user statefalse
12-07 17:17:36.101: I/SurfaceFlinger(315): id=861 createSurf (1080x1920),1 flag=4, Mauncher
12-07 17:17:36.111: W/ContextImpl(869): Calling a method in the system process without a qualified user: android.app.ContextImpl.startService:1305 android.content.ContextWrapper.startService:606 android.content.ContextWrapper.startService:606 com.samsung.android.sm.common.SmartManagerReceiver.b:259 com.samsung.android.sm.common.SmartManagerReceiver.onReceive:107 
12-07 17:17:36.121: D/libEGL(315): eglInitialize EGLDisplay = 0xbed7b364
12-07 17:17:36.131: D/ConnectivityService(791): returning getNetworkInfo for network type 1 : [type: WIFI[] - WIFI, state: CONNECTED/CONNECTED, reason: (unspecified), extra: "Maqbool Solutions", roaming: false, failover: false, isAvailable: true]
12-07 17:17:36.141: D/ViewRootImpl(791): MSG_RESIZED_REPORT: ci=Rect(0, 0 - 0, 0) vi=Rect(0, 0 - 0, 0) or=1
12-07 17:17:36.171: D/libEGL(315): eglInitialize EGLDisplay = 0xbed7b364
12-07 17:17:36.191: D/SurfaceWidgetView(30518): getHardwareLayer being called directly
12-07 17:17:36.191: D/SurfaceWidgetView(30518): HardwareLayer is valid: true
12-07 17:17:36.271: I/Timeline(30518): Timeline: Activity_idle id: android.os.BinderProxy@b1742af time:53608563
12-07 17:17:36.271: D/WallpaperService(1624): updateSurface
12-07 17:17:36.271: D/libEGL(315): eglInitialize EGLDisplay = 0xbed7b364
12-07 17:17:36.291: D/StatusBarManagerService(791): manageDisableList userId=0 what=0x0 pkg=Window{81c97a7 u0 d0 Application Error: com.maqboolsolutions.mysql_ssh_android}
12-07 17:17:36.291: D/PhoneStatusBar(1389): setSystemUiVisibility vis=40008000 mask=ffffffff oldVal=8000 newVal=40008000 diff=40000000
12-07 17:17:36.301: I/GLASS(6615): Native code is notified that surface has changed (repaintall)!
12-07 17:17:36.301: I/art(791): Background partial concurrent mark sweep GC freed 87671(5MB) AllocSpace objects, 39(908KB) LOS objects, 20% free, 61MB/77MB, paused 12.882ms total 344.165ms
12-07 17:17:36.301: D/libEGL(315): eglTerminate EGLDisplay = 0xb673f64c
12-07 17:17:36.311: D/BatteryMeterView(1389): onDraw batteryColor : -1107296257
12-07 17:17:36.311: D/KnoxTimeoutHandler(791): notifyActivityDrawn [MsgParam] userId: 0 fullscreen is true showWhenlocked is false
12-07 17:17:36.311: I/ActivityManager(791): Displayed com.sec.android.app.launcher/com.android.launcher2.Launcher: +302ms
12-07 17:17:36.321: D/KnoxTimeoutHandler(791): activityDrawn [MsgParam] userId: 0 fullscreen is true showWhenlocked is false
12-07 17:17:36.331: I/KnoxTimeoutHandler(791): SD activityfalse
12-07 17:17:36.361: W/BroadcastQueue(791): Permission Denial: broadcasting Intent { act=com.sec.android.intent.action.HOME_RESUME flg=0x10 } from com.sec.android.app.launcher (pid=30518, uid=10021) is not exported from uid 1000 due to receiver com.android.settings/.accessibilitywidget.AccessibilityEasyWidgetProviderAssistiveLight
12-07 17:17:36.391: D/Mms/UIEventReceiver(1462): ui event
12-07 17:17:36.511: D/CustomFrequencyManagerService(791): releaseDVFSLockLocked : Getting Lock type frm List : DVFS_MIN_LIMIT  frequency : 1958400  uid : 1000  pid : 791  tag : ACTIVITY_RESUME_BOOSTER@10
12-07 17:17:36.511: D/ActivityManager(791): mDVFSHelper.release()
12-07 17:17:36.511: D/CustomFrequencyManagerService(791): acquireDVFSLockLocked : type : DVFS_MIN_LIMIT  frequency : 1958400  uid : 1000  pid : 791  pkgName : ACTIVITY_RESUME_BOOSTER@16
12-07 17:17:36.671: I/SurfaceFlinger(315): id=857 Removed GXActivity (7/11)
12-07 17:17:36.671: I/SurfaceFlinger(315): id=857 Removed GXActivity (-2/11)
12-07 17:17:36.671: I/SurfaceFlinger(315): id=858 Removed TurfaceView (6/10)
12-07 17:17:36.671: I/SurfaceFlinger(315): id=858 Removed TurfaceView (-2/10)
12-07 17:17:36.671: D/libEGL(315): eglTerminate EGLDisplay = 0xbed7b3a4
12-07 17:17:36.671: D/libEGL(315): eglTerminate EGLDisplay = 0xbed7b38c
12-07 17:17:36.671: D/libEGL(315): eglTerminate EGLDisplay = 0xbed7b38c
12-07 17:17:36.671: D/libEGL(315): eglTerminate EGLDisplay = 0xbed7b38c
12-07 17:17:36.711: I/Timeline(791): Timeline: Activity_windows_visible id: ActivityRecord{ac558db u0 com.sec.android.app.launcher/com.android.launcher2.Launcher t493} time:53609001
12-07 17:17:36.711: I/Process(6615): Sending signal. PID: 6615 SIG: 9
12-07 17:17:36.711: D/NetworkPolicy(791): isUidForegroundLocked: 10265, mScreenOn: true, uidstate: 16, mProxSensorScreenOff: false
12-07 17:17:36.721: D/KnoxTimeoutHandler(791): notifyActivityDrawn [MsgParam] userId: 0 fullscreen is true showWhenlocked is false
12-07 17:17:36.721: D/KnoxTimeoutHandler(791): activityDrawn [MsgParam] userId: 0 fullscreen is true showWhenlocked is false
12-07 17:17:36.721: I/KnoxTimeoutHandler(791): SD activityfalse
12-07 17:17:36.741: D/libEGL(315): eglInitialize EGLDisplay = 0xbed7b364
12-07 17:17:36.751: I/WindowState(791): WIN DEATH: Window{75907d0 u0 d0 com.maqboolsolutions.mysql_ssh_android/javafxports.android.FXActivity}
12-07 17:17:36.751: W/WindowManager(791): Force-removing child win Window{7b36ace u0 d0 SurfaceView} from container Window{75907d0 u0 d0 com.maqboolsolutions.mysql_ssh_android/javafxports.android.FXActivity}
12-07 17:17:36.751: D/GraphicsStats(791): Buffer count: 8
12-07 17:17:36.751: I/ActivityManager(791): Process com.maqboolsolutions.mysql_ssh_android (pid 6615)(adj 9) has died(145,295)
12-07 17:17:36.751: D/ActivityManager(791): isAutoRunBlockedApp:: com.maqboolsolutions.mysql_ssh_android, Auto Run ON
12-07 17:17:36.771: D/libEGL(315): eglTerminate EGLDisplay = 0xb46f064c
12-07 17:17:36.771: D/ViewRootImpl(791): #3 mView = null
12-07 17:17:36.771: W/WindowManager(791): Failed looking up window
12-07 17:17:36.771: W/WindowManager(791): java.lang.IllegalArgumentException: Requested window android.os.BinderProxy@c29e3c9 does not exist
12-07 17:17:36.771: W/WindowManager(791): 	at com.android.server.wm.WindowManagerService.windowForClientLocked(WindowManagerService.java:14806)
12-07 17:17:36.771: W/WindowManager(791): 	at com.android.server.wm.WindowManagerService.windowForClientLocked(WindowManagerService.java:14797)
12-07 17:17:36.771: W/WindowManager(791): 	at com.android.server.wm.WindowState$DeathRecipient.binderDied(WindowState.java:1764)
12-07 17:17:36.771: W/WindowManager(791): 	at android.os.BinderProxy.sendDeathNotice(Binder.java:558)
12-07 17:17:36.781: I/WindowState(791): WIN DEATH: null
12-07 17:17:36.781: D/InputDispatcher(791): Focus left window: 791
12-07 17:17:36.781: D/InputDispatcher(791): Focus entered window: 30518
12-07 17:17:36.781: D/PointerIcon(791): setMouseIconStyle1 pointerType: 1001 iconType:101 flag:0 pid:791 uid:1000
12-07 17:17:36.791: D/PointerIcon(791): setMouseCustomIcon IconType is same.101
12-07 17:17:36.791: D/PointerIcon(791): setHoveringSpenIconStyle1 pointerType: 10001 iconType:1 flag:0 pid:791 uid:1000
12-07 17:17:36.791: D/PointerIcon(791): setHoveringSpenCustomIcon IconType is same.1
12-07 17:17:36.791: D/Launcher(30518): Launcher::setSystemUiTransparency(): getSystemUiVisibility() after setting  = 0
12-07 17:17:36.791: W/ContextImpl(791): Calling a method in the system process without a qualified user: android.app.ContextImpl.sendBroadcast:830 com.android.server.am.ActivityManagerService.updateOomAdjLocked:26709 com.android.server.am.ActivityManagerService.appDiedLocked:7560 com.android.server.am.ActivityManagerService$AppDeathRecipient.binderDied:1919 android.os.BinderProxy.sendDeathNotice:558 
12-07 17:17:36.791: D/libEGL(791): eglTerminate EGLDisplay = 0x93686834
12-07 17:17:36.791: D/InputMethodManagerService(791): windowGainedFocus mCurrentFocusedUserId - 0 and mSecureKeypadEnabled-false
12-07 17:17:36.801: W/InputMethodManagerService(791): Got RemoteException sending setActive(false) notification to pid 6615 uid 10265
12-07 17:17:36.801: D/SamsungIME(31687): onStartInput: No inputType, No imeOption, isInputViewShown = false, isExtractViewShown = false, isShowInputRequested = false, isConfigChanged = false
12-07 17:17:36.811: D/CustomFrequencyManagerService(791): releaseDVFSLockLocked : Getting Lock type frm List : DVFS_MIN_LIMIT  frequency : 1958400  uid : 1000  pid : 791  tag : ACTIVITY_RESUME_BOOSTER@16
12-07 17:17:36.821: D/libEGL(315): eglInitialize EGLDisplay = 0xbed7b364
12-07 17:17:36.851: D/StatusBarManagerService(791): manageDisableList userId=0 what=0x0 pkg=Window{681baef u0 d0 com.sec.android.app.launcher/com.android.launcher2.Launcher}
12-07 17:17:36.851: E/ViewRootImpl(791): sendUserActionEvent() mView == null
12-07 17:17:36.851: D/PhoneStatusBar(1389): setSystemUiVisibility vis=40008500 mask=ffffffff oldVal=40008000 newVal=40008500 diff=500
12-07 17:17:36.981: I/SurfaceFlinger(315): id=860 Removed nysql_ssh_a (8/9)
12-07 17:17:36.981: I/SurfaceFlinger(315): id=860 Removed nysql_ssh_a (-2/9)
12-07 17:17:36.981: W/AppOps(791): Finishing op nesting under-run: uid 1000 pkg android code 24 time=0 duration=0 nesting=0
12-07 17:17:36.991: D/libEGL(315): eglTerminate EGLDisplay = 0xbed7b3a4
12-07 17:17:37.051: D/Recents(1469): onTaskStackChanged
12-07 17:17:37.071: E/Zygote(7616): v2
12-07 17:17:37.071: I/libpersona(7616): KNOX_SDCARD checking this for 1000
12-07 17:17:37.071: I/libpersona(7616): KNOX_SDCARD not a persona
12-07 17:17:37.071: W/SELinux(7616): Function: selinux_compare_spd_ram, index[1], priority [2], priority version is VE=SEPF_SECMOBILE_6.0.1_0011
12-07 17:17:37.071: E/Zygote(7616): accessInfo : 0
12-07 17:17:37.081: I/ActivityManager(791): Start proc 7616:com.samsung.android.fmm/1000 for service com.samsung.android.fmm/com.fmm.dm.XDMService
12-07 17:17:37.101: D/TimaKeyStoreProvider(7616): TimaSignature is unavailable
12-07 17:17:37.101: D/ActivityThread(7616): Added TimaKeyStore provider
12-07 17:17:37.111: W/ResourcesManager(7616): getTopLevelResources: /system/priv-app/Fmm/Fmm.apk / 1.0 running in com.samsung.android.fmm rsrc of package null
12-07 17:17:37.131: W/System(7616): ClassLoader referenced unknown path: /system/priv-app/Fmm/lib/arm
12-07 17:17:37.151: I/PCWCLIENTTRACE_LOG(7616): DEFAULT_LOGON : true
12-07 17:17:37.151: I/PCWCLIENTTRACE_LOG(7616): DEFAULT_LOGLEVEL : 3
12-07 17:17:37.151: I/PCWCLIENTTRACE_DMDBOpenHelper(7616): new DMDBOpenHelper instance
12-07 17:17:37.171: I/DBG_FMMDM(7616): [6.0.40][Line:415][xdmGetCheckWifiOnlyModel] isWifiOnly : false
